// Jest Snapshot v1, https://goo.gl/fbAQLP

exports[`Intro page DOM rendering test Tab1 page has to be matched to snapshot 1`] = `
<Intro
  store={[Function]}
/>
`;
